// Jest Snapshot v1, https://goo.gl/fbAQLP

exports[`<Main /> Deve renderizar o heading 1`] = `
<main
  class="sc-blHHSb bZInSn"
>
  <h1>
    React Avan√ßado
  </h1>
</main>
`;
